// Jest Snapshot v1, https://goo.gl/fbAQLP

exports[`Button should match with snapshot 1`] = `
<button
  className="sc-bdVaJa lnmrTy"
>
  Hi!
</button>
`;
