// Jest Snapshot v1, https://goo.gl/fbAQLP

exports[`BaseCurrency should to match with snapshot 1`] = `
<button
  className="sc-bwzfXH dcEJXz"
>
  1 USD
</button>
`;
